🧪 dogfooding自動再起動機能のテスト結果

テスト開始時刻: 2025-06-16 08:39:21

## 実装確認
✅ dogfoodingタスク完了時の自動再起動機能が実装されています
✅ ワンショット方式で30秒後に再起動するよう設定済み

## 実装詳細
- src/minimal-poppo.js (113-127行目): dogfoodingタスク完了時の処理
- scripts/restart-scheduler.js: ワンショット再起動モードをサポート

## 動作仕様
1. dogfoodingラベル付きIssueの処理が完了すると
2. ワンショット再起動スケジューラーが起動される（--oneshot 30 オプション付き）
3. 30秒後に既存のPoppoBuilderプロセスを終了
4. 新しいPoppoBuilderプロセスを起動

## テスト結果
このIssue #8の処理が完了すると、上記の仕様に従って30秒後に自動再起動が実行されます。

再起動ログは以下で確認できます：
- logs/restart-2025-06-15.log
- logs/poppo-2025-06-15.log

## 確認方法
```bash
# 再起動ログの確認
tail -f logs/restart-2025-06-15.log

# PoppoBuilderプロセスの監視
watch -n 1 'ps aux | grep PoppoBuilder-Main | grep -v grep'
```